[Licensing::Module] Trying to connect to existing licensing client channel...
Built from '6000.0/staging' branch; Version is '6000.0.75f1 (26349cd2a5c8) revision 2503836'; Using compiler version '193933523'; Build Type 'Release'
[Licensing::IpcConnector] Successfully connected to: "LicenseClient-user" at "2026-07-17T05:19:21.7573074Z"
OS: 'Windows 11  (10.0.26200) Core' Language: 'en' Physical Memory: 32581 MB
BatchMode: 1, IsHumanControllingUs: 0, StartBugReporterOnCrash: 0, Is64bit: 1
System  architecture: x64
Process architecture: x64
Date: 2026-07-17T05:19:21Z

COMMAND LINE ARGUMENTS:
C:\Program Files\Unity\Hub\Editor\6000.0.75f1\Editor\Unity.exe
-batchmode
-quit
-nographics
-projectPath
.
-logFile
.ccq-compile-check.log
Successfully changed project path to: C:/Users/user/Documents/Projects/twoup/twoup-client
C:/Users/user/Documents/Projects/twoup/twoup-client
It looks like another Unity instance is running with this project open.

Multiple Unity instances cannot open the same project.

Project: C:/Users/user/Documents/Projects/twoup/twoup-client
Fatal Error! It looks like another Unity instance is running with this project open.

Multiple Unity instances cannot open the same project.

Project: C:/Users/user/Documents/Projects/twoup/twoup-client
Crash!!!
SymInit: Symbol-SearchPath: 'C:/Program Files/Unity/Hub/Editor/6000.0.75f1/Editor/Data/Mono;.;C:\Users\user\Documents\Projects\twoup\twoup-client;C:\Users\user\Documents\Projects\twoup\twoup-client\Library\BurstCache\JIT;C:\Program Files\Unity\Hub\Editor\6000.0.75f1\Editor;C:\WINDOWS;C:\WINDOWS\system32;', symOptions: 534, UserName: 'user'
OS-Version: 10.0.0
C:\Program Files\Unity\Hub\Editor\6000.0.75f1\Editor\Unity.exe:Unity.exe (00007FF79DD20000), size: 299008 (result: 0), SymType: '-deferred-', PDB: '', fileVersion: 6000.0.75.13468
C:\WINDOWS\SYSTEM32\ntdll.dll:ntdll.dll (00007FFEFDC40000), size: 2519040 (result: 0), SymType: '-deferred-', PDB: '', fileVersion: 10.0.26100.7920
C:\WINDOWS\System32\KERNEL32.DLL:KERNEL32.DLL (00007FFEFD150000), size: 823296 (result: 0), SymType: '-deferred-', PDB: '', fileVersion: 10.0.26100.7920
C:\WINDOWS\System32\KERNELBASE.dll:KERNELBASE.dll (00007FFEFB5E0000), size: 4132864 (result: 0), SymType: '-deferred-', PDB: '', fileVersion: 10.0.26100.7920
C:\WINDOWS\System32\USER32.dll:USER32.dll (00007FFEFC3E0000), size: 1855488 (result: 0), SymType: '-deferred-', PDB: '', fileVersion: 10.0.26100.7920
C:\WINDOWS\System32\win32u.dll:win32u.dll (00007FFEFA520000), size: 159744 (result: 0), SymType: '-deferred-', PDB: '', fileVersion: 10.0.26100.8036
C:\WINDOWS\System32\GDI32.dll:GDI32.dll (00007FFEFC3B0000), size: 176128 (result: 0), SymType: '-deferred-', PDB: '', fileVersion: 10.0.26100.8036
C:\WINDOWS\System32\gdi32full.dll:gdi32full.dll (00007FFEFA610000), size: 1224704 (result: 0), SymType: '-deferred-', PDB: '', fileVersion: 10.0.26100.8036
C:\WINDOWS\System32\msvcp_win.dll:msvcp_win.dll (00007FFEFA920000), size: 667648 (result: 0), SymType: '-deferred-', PDB: '', fileVersion: 10.0.26100.7623
C:\WINDOWS\System32\ucrtbase.dll:ucrtbase.dll (00007FFEFA740000), size: 1355776 (result: 0), SymType: '-deferred-', PDB: '', fileVersion: 10.0.26100.7623
C:\WINDOWS\System32\IMM32.DLL:IMM32.DLL (00007FFEFD050000), size: 200704 (result: 0), SymType: '-deferred-', PDB: '', fileVersion: 10.0.26100.7309
C:\Program Files\Unity\Hub\Editor\6000.0.75f1\Editor\Unity.dll:Unity.dll (00007FFDDAEF0000), size: 87756800 (result: 0), SymType: '-deferred-', PDB: '', fileVersion: 6000.0.75.13468
C:\WINDOWS\System32\CRYPT32.dll:CRYPT32.dll (00007FFEFA9D0000), size: 1536000 (result: 0), SymType: '-deferred-', PDB: '', fileVersion: 10.0.26100.7309
C:\WINDOWS\System32\ADVAPI32.dll:ADVAPI32.dll (00007FFEFD090000), size: 765952 (result: 0), SymType: '-deferred-', PDB: '', fileVersion: 10.0.26100.7920
C:\WINDOWS\System32\msvcrt.dll:msvcrt.dll (00007FFEFD9B0000), size: 692224 (result: 0), SymType: '-deferred-', PDB: '', fileVersion: 7.0.26100.7623
C:\WINDOWS\System32\sechost.dll:sechost.dll (00007FFEFDB50000), size: 684032 (result: 0), SymType: '-deferred-', PDB: '', fileVersion: 10.0.26100.7920
C:\Program Files\Unity\Hub\Editor\6000.0.75f1\Editor\libfbxsdk.dll:libfbxsdk.dll (00007FFDFF390000), size: 8019968 (result: 0), SymType: '-deferred-', PDB: '', fileVersion: 2020.3.7.0
C:\WINDOWS\System32\RPCRT4.dll:RPCRT4.dll (00007FFEFCF30000), size: 1146880 (result: 0), SymType: '-deferred-', PDB: '', fileVersion: 10.0.26100.8036
C:\Program Files\Unity\Hub\Editor\6000.0.75f1\Editor\s3tcompress.dll:s3tcompress.dll (00007FFEC6A30000), size: 180224 (result: 0), SymType: '-deferred-', PDB: ''
C:\Program Files\Unity\Hub\Editor\6000.0.75f1\Editor\etccompress.dll:etccompress.dll (00007FFE1C990000), size: 5070848 (result: 0), SymType: '-deferred-', PDB: ''
C:\WINDOWS\System32\ole32.dll:ole32.dll (00007FFEFB9E0000), size: 1658880 (result: 0), SymType: '-deferred-', PDB: '', fileVersion: 10.0.26100.7920
C:\WINDOWS\System32\combase.dll:combase.dll (00007FFEFBED0000), size: 3678208 (result: 0), SymType: '-deferred-', PDB: '', fileVersion: 10.0.26100.7920
C:\WINDOWS\System32\SETUPAPI.dll:SETUPAPI.dll (00007FFEFD330000), size: 4747264 (result: 0), SymType: '-deferred-', PDB: '', fileVersion: 10.0.26100.7920
C:\WINDOWS\System32\SHELL32.dll:SHELL32.dll (00007FFEFC7C0000), size: 7729152 (result: 0), SymType: '-deferred-', PDB: '', fileVersion: 10.0.26100.7920
C:\WINDOWS\System32\wintypes.dll:wintypes.dll (00007FFEFAC00000), size: 1482752 (result: 0), SymType: '-deferred-', PDB: '', fileVersion: 10.0.26100.7920
C:\WINDOWS\System32\SHLWAPI.dll:SHLWAPI.dll (00007FFEFC690000), size: 421888 (result: 0), SymType: '-deferred-', PDB: '', fileVersion: 10.0.26100.7920
C:\WINDOWS\System32\Windows.Storage.dll:Windows.Storage.dll (00007FFEFAD70000), size: 8798208 (result: 0), SymType: '-deferred-', PDB: '', fileVersion: 10.0.26100.8036
C:\Program Files\Unity\Hub\Editor\6000.0.75f1\Editor\ispc_texcomp.dll:ispc_texcomp.dll (00007FFE53D40000), size: 1826816 (result: 0), SymType: '-deferred-', PDB: ''
C:\Program Files\Unity\Hub\Editor\6000.0.75f1\Editor\compress_bc7e.dll:compress_bc7e.dll (00007FFE537E0000), size: 1433600 (result: 0), SymType: '-deferred-', PDB: ''
C:\Program Files\Unity\Hub\Editor\6000.0.75f1\Editor\FreeImage.dll:FreeImage.dll (0000000180000000), size: 5332992 (result: 0), SymType: '-deferred-', PDB: '', fileVersion: 3.18.0.0
C:\WINDOWS\System32\WS2_32.dll:WS2_32.dll (00007FFEFBC70000), size: 475136 (result: 0), SymType: '-deferred-', PDB: '', fileVersion: 10.0.26100.7623
C:\WINDOWS\System32\OLEAUT32.dll:OLEAUT32.dll (00007FFEFC5B0000), size: 880640 (result: 0), SymType: '-deferred-', PDB: '', fileVersion: 10.0.26100.7920
C:\WINDOWS\System32\WINTRUST.dll:WINTRUST.dll (00007FFEFA890000), size: 528384 (result: 0), SymType: '-deferred-', PDB: '', fileVersion: 10.0.26100.8036
C:\Program Files\Unity\Hub\Editor\6000.0.75f1\Editor\WinPixEventRuntime.dll:WinPixEventRuntime.dll (00007FFEE12E0000), size: 57344 (result: 0), SymType: '-deferred-', PDB: '', fileVersion: 1.0.2403.8001
C:\Program Files\Unity\Hub\Editor\6000.0.75f1\Editor\umbraoptimizer64.dll:umbraoptimizer64.dll (00007FFE52E10000), size: 1187840 (result: 0), SymType: '-deferred-', PDB: ''
C:\WINDOWS\SYSTEM32\bcrypt.dll:bcrypt.dll (00007FFEFA410000), size: 172032 (result: 0), SymType: '-deferred-', PDB: '', fileVersion: 10.0.26100.7623
C:\WINDOWS\SYSTEM32\d3d11.dll:d3d11.dll (00007FFEF7060000), size: 2502656 (result: 0), SymType: '-deferred-', PDB: '', fileVersion: 10.0.26100.7920
C:\WINDOWS\SYSTEM32\d3d12.dll:d3d12.dll (00007FFECA2E0000), size: 143360 (result: 0), SymType: '-deferred-', PDB: '', fileVersion: 10.0.26100.7920
C:\WINDOWS\SYSTEM32\dwmapi.dll:dwmapi.dll (00007FFEF8240000), size: 188416 (result: 0), SymType: '-deferred-', PDB: '', fileVersion: 10.0.26100.7920
C:\WINDOWS\SYSTEM32\dxgi.dll:dxgi.dll (00007FFEF80D0000), size: 1302528 (result: 0), SymType: '-deferred-', PDB: '', fileVersion: 10.0.26100.7920
C:\WINDOWS\SYSTEM32\HID.DLL:HID.DLL (00007FFEF88F0000), size: 61440 (result: 0), SymType: '-deferred-', PDB: '', fileVersion: 10.0.26100.1150
C:\WINDOWS\SYSTEM32\IPHLPAPI.DLL:IPHLPAPI.DLL (00007FFEF8B80000), size: 208896 (result: 0), SymType: '-deferred-', PDB: '', fileVersion: 10.0.26100.7920
C:\WINDOWS\SYSTEM32\OPENGL32.dll:OPENGL32.dll (00007FFEDA230000), size: 1105920 (result: 0), SymType: '-deferred-', PDB: '', fileVersion: 10.0.26100.7920
C:\WINDOWS\SYSTEM32\MSVCP140.dll:MSVCP140.dll (00007FFEDA160000), size: 561152 (result: 0), SymType: '-deferred-', PDB: '', fileVersion: 14.44.35211.0
C:\WINDOWS\SYSTEM32\VCRUNTIME140.dll:VCRUNTIME140.dll (00007FFEDA210000), size: 122880 (result: 0), SymType: '-deferred-', PDB: '', fileVersion: 14.44.35211.0
C:\WINDOWS\SYSTEM32\VCRUNTIME140_1.dll:VCRUNTIME140_1.dll (00007FFED8220000), size: 49152 (result: 0), SymType: '-deferred-', PDB: '', fileVersion: 14.44.35211.0
C:\WINDOWS\SYSTEM32\WINHTTP.dll:WINHTTP.dll (00007FFEF4AA0000), size: 1208320 (result: 0), SymType: '-deferred-', PDB: '', fileVersion: 10.0.26100.7920
C:\WINDOWS\SYSTEM32\WINMM.dll:WINMM.dll (00007FFEED8A0000), size: 217088 (result: 0), SymType: '-deferred-', PDB: '', fileVersion: 10.0.26100.7309
C:\WINDOWS\SYSTEM32\GLU32.dll:GLU32.dll (00007FFED9280000), size: 184320 (result: 0), SymType: '-deferred-', PDB: '', fileVersion: 10.0.26100.1150
C:\WINDOWS\SYSTEM32\VERSION.dll:VERSION.dll (00007FFEF5A50000), size: 45056 (result: 0), SymType: '-deferred-', PDB: '', fileVersion: 10.0.26100.1150
C:\Program Files\Unity\Hub\Editor\6000.0.75f1\Editor\SketchUpAPI.dll:SketchUpAPI.dll (00007FFDE4350000), size: 8990720 (result: 0), SymType: '-deferred-', PDB: '', fileVersion: 23.0.0.0
C:\WINDOWS\SYSTEM32\WSOCK32.dll:WSOCK32.dll (00007FFE52DD0000), size: 40960 (result: 0), SymType: '-deferred-', PDB: '', fileVersion: 10.0.26100.1
C:\Program Files\Unity\Hub\Editor\6000.0.75f1\Editor\NativeProxyHelper.dll:NativeProxyHelper.dll (00007FFE51D10000), size: 1789952 (result: 0), SymType: '-deferred-', PDB: ''
C:\WINDOWS\SYSTEM32\powrprof.dll:powrprof.dll (00007FFEF9E10000), size: 385024 (result: 0), SymType: '-deferred-', PDB: '', fileVersion: 10.0.26100.3912
C:\WINDOWS\SYSTEM32\dxcore.dll:dxcore.dll (00007FFEF8080000), size: 274432 (result: 0), SymType: '-deferred-', PDB: '', fileVersion: 10.0.26100.7920
C:\Program Files\Unity\Hub\Editor\6000.0.75f1\Editor\SketchUpCommonPreferences.dll:SketchUpCommonPreferences.dll (00007FFE67950000), size: 499712 (result: 0), SymType: '-deferred-', PDB: '', fileVersion: 23.0.0.0
C:\WINDOWS\SYSTEM32\Secur32.dll:Secur32.dll (00007FFEF7D20000), size: 53248 (result: 0), SymType: '-deferred-', PDB: '', fileVersion: 10.0.26100.7705
C:\WINDOWS\SYSTEM32\SSPICLI.DLL:SSPICLI.DLL (00007FFEF9530000), size: 299008 (result: 0), SymType: '-deferred-', PDB: '', fileVersion: 10.0.26100.7920
C:\Program Files\Unity\Hub\Editor\6000.0.75f1\Editor\OpenRL.dll:OpenRL.dll (0000029F2AFE0000), size: 12779520 (result: 0), SymType: '-deferred-', PDB: '', fileVersion: 1.5.0.2907
C:\WINDOWS\SYSTEM32\MSVCR100.dll:MSVCR100.dll (0000000073EE0000), size: 860160 (result: 0), SymType: '-deferred-', PDB: '', fileVersion: 10.0.40219.325
C:\WINDOWS\SYSTEM32\MSVCP100.dll:MSVCP100.dll (0000000073E40000), size: 622592 (result: 0), SymType: '-deferred-', PDB: '', fileVersion: 10.0.40219.325
C:\Program Files\Unity\Hub\Editor\6000.0.75f1\Editor\embree.dll:embree.dll (00007FFDE3360000), size: 16711680 (result: 0), SymType: '-deferred-', PDB: '', fileVersion: 2.14.0.0
C:\Program Files\Unity\Hub\Editor\6000.0.75f1\Editor\tbb.dll:tbb.dll (00007FFE6FBE0000), size: 303104 (result: 0), SymType: '-deferred-', PDB: '', fileVersion: 2020.3.2022.1111
C:\WINDOWS\SYSTEM32\cfgmgr32.DLL:cfgmgr32.DLL (00007FFEFA180000), size: 356352 (result: 0), SymType: '-deferred-', PDB: '', fileVersion: 10.0.26100.7309
C:\WINDOWS\SYSTEM32\MSWSOCK.DLL:MSWSOCK.DLL (00007FFEF9820000), size: 438272 (result: 0), SymType: '-deferred-', PDB: '', fileVersion: 10.0.26100.7920
C:\Program Files\Unity\Hub\Editor\6000.0.75f1\Editor\OpenRL_pthread.dll:OpenRL_pthread.dll (0000029F29970000), size: 61440 (result: 0), SymType: '-deferred-', PDB: '', fileVersion: 2.9.0.0
C:\WINDOWS\SYSTEM32\UMPDC.dll:UMPDC.dll (00007FFEF9DF0000), size: 81920 (result: 0), SymType: '-deferred-', PDB: '', fileVersion: 10.0.26100.7019
C:\WINDOWS\SYSTEM32\MSASN1.dll:MSASN1.dll (00007FFEF9B70000), size: 77824 (result: 0), SymType: '-deferred-', PDB: '', fileVersion: 10.0.26100.7623
C:\WINDOWS\System32\bcryptprimitives.dll:bcryptprimitives.dll (00007FFEFAB50000), size: 675840 (result: 0), SymType: '-deferred-', PDB: '', fileVersion: 10.0.26100.7623
C:\WINDOWS\system32\apphelp.dll:apphelp.dll (00007FFEF7D60000), size: 651264 (result: 0), SymType: '-deferred-', PDB: '', fileVersion: 10.0.26100.7920
C:\WINDOWS\SYSTEM32\kernel.appcore.dll:kernel.appcore.dll (00007FFEF9280000), size: 110592 (result: 0), SymType: '-deferred-', PDB: '', fileVersion: 10.0.26100.7920
C:\WINDOWS\system32\uxtheme.dll:uxtheme.dll (00007FFEF7F80000), size: 696320 (result: 0), SymType: '-deferred-', PDB: '', fileVersion: 10.0.26100.7920
C:\WINDOWS\System32\SHCORE.dll:SHCORE.dll (00007FFEFC2B0000), size: 1011712 (result: 0), SymType: '-deferred-', PDB: '', fileVersion: 10.0.26100.7920
C:\WINDOWS\SYSTEM32\profapi.dll:profapi.dll (00007FFEFA440000), size: 167936 (result: 0), SymType: '-deferred-', PDB: '', fileVersion: 10.0.26100.7309
C:\WINDOWS\SYSTEM32\CRYPTSP.dll:CRYPTSP.dll (00007FFEF9B00000), size: 110592 (result: 0), SymType: '-deferred-', PDB: '', fileVersion: 10.0.26100.7705
C:\WINDOWS\system32\IconCodecService.dll:IconCodecService.dll (00007FFEC4860000), size: 45056 (result: 0), SymType: '-deferred-', PDB: '', fileVersion: 10.0.26100.1
C:\WINDOWS\system32\rsaenh.dll:rsaenh.dll (00007FFEF91E0000), size: 233472 (result: 0), SymType: '-deferred-', PDB: '', fileVersion: 10.0.26100.7705
C:\WINDOWS\SYSTEM32\WindowsCodecs.dll:WindowsCodecs.dll (00007FFEF6580000), size: 2281472 (result: 0), SymType: '-deferred-', PDB: '', fileVersion: 10.0.26100.7920
C:\WINDOWS\SYSTEM32\CRYPTBASE.dll:CRYPTBASE.dll (00007FFEF9B20000), size: 49152 (result: 0), SymType: '-deferred-', PDB: '', fileVersion: 10.0.26100.7623
C:\WINDOWS\System32\imagehlp.dll:imagehlp.dll (00007FFEFDA60000), size: 131072 (result: 0), SymType: '-deferred-', PDB: '', fileVersion: 10.0.26100.4202
C:\WINDOWS\System32\clbcatq.dll:clbcatq.dll (00007FFEFC700000), size: 712704 (result: 0), SymType: '-deferred-', PDB: '', fileVersion: 2001.12.10941.16384
C:\WINDOWS\System32\netprofm.dll:netprofm.dll (00007FFEF5BB0000), size: 454656 (result: 0), SymType: '-deferred-', PDB: '', fileVersion: 10.0.26100.7920
[Licensing::Client] Code 10 while verifying Licensing Client signature (process Id: 19140, path: "C:/Program Files/Unity/Hub/Editor/6000.0.75f1/Editor/Data/Resources/Licensing/Client/Unity.Licensing.Client.exe")
[Licensing::Module] LicensingClient has failed validation; ignoring
C:\WINDOWS\System32\npmproxy.dll:npmproxy.dll (00007FFEEF530000), size: 102400 (result: 0), SymType: '-deferred-', PDB: '', fileVersion: 10.0.26100.7309
C:\WINDOWS\SYSTEM32\gpapi.dll:gpapi.dll (00007FFEF9890000), size: 196608 (result: 0), SymType: '-deferred-', PDB: '', fileVersion: 10.0.26100.7920
C:\WINDOWS\SYSTEM32\dbghelp.dll:dbghelp.dll (00007FFEE4D90000), size: 2367488 (result: 0), SymType: '-deferred-', PDB: '', fileVersion: 10.0.26100.5074

========== OUTPUTTING STACK TRACE ==================

0x00007FFEFB6A73FA (KERNELBASE) RaiseException
0x00007FFDDCADFD55 (Unity) EditorMonoConsole::LogToConsoleImplementation
0x00007FFDDCAE0A1A (Unity) EditorMonoConsole::LogToConsoleImplementation
0x00007FFDDD77A58D (Unity) DebugStringToFilePostprocessedStacktrace
0x00007FFDDD779928 (Unity) DebugStringToFile
0x00007FFDDCBDDC26 (Unity) HandleProjectAlreadyOpenInAnotherInstance
0x00007FFDDCBDFA38 (Unity) Application::InitializeProject
0x00007FFDDD1D3793 (Unity) UnityMain
0x00007FF79DD22FBA (Unity) __scrt_common_main_seh
0x00007FFEFD17E8D7 (KERNEL32) BaseThreadInitThunk
0x00007FFEFDCCC48C (ntdll) RtlUserThreadStart

========== END OF STACKTRACE ===========

A crash has been intercepted by the crash handler. For call stack and other details, see the latest crash report generated in:
 * C:/Users/user/AppData/Local/Temp/Unity/Editor/Crashes
[Licensing::Client] Handshaking with LicensingClient:
  Version:                 1.17.4+4293ba1
  Session Id:              fbae99ecef0647b8b0bbf32aab314c05
  Correlation Id:          2a63f355d302c7a92d587f015e5f3ac7
  External correlation Id: 8328724731240242062
  Machine Id:              1B457SwO25/abfnc2YeSqAKeCys=
[Licensing::Module] Successfully connected to LicensingClient on channel: "LicenseClient-user" (connect: 0.00s, validation: 0.90s, handshake: 0.03s)
[Licensing::IpcConnector] Successfully connected to: "LicenseClient-user-notifications" at "2026-07-17T05:19:22.6959452Z"
[Licensing::Module] Error: Access token is unavailable; failed to update
[Licensing::Client] Successfully resolved entitlement details
[Licensing::Module] License group:
  Id: 18968344639819-UnityPersXXXX
  Product: Unity Personal
  Type: Assigned
  Expiration: Unlimited
[Licensing::Client] Successfully updated license, isAsync: True, time: 0.00
[Licensing::Client] Successfully resolved entitlement details
[Licensing::Module] Licensing Background thread has ended after 0.95s
